C51 COMPILER V9.60.0.0   DAC0832                                                           12/15/2022 15:32:55 PAGE 1   


C51 COMPILER V9.60.0.0, COMPILATION OF MODULE DAC0832
OBJECT MODULE PLACED IN .\output\DAC0832.obj
COMPILER INVOKED BY: D:\Keil_v5\C51\BIN\C51.EXE src\DAC0832\DAC0832.c OPTIMIZE(8,SPEED) BROWSE INCDIR(.\src\ADC0808;.\sr
                    -c\DAC0832;.\src\delay;.\src\Init;.\src\IO8155;.\src\reflash;.\src\voltCalc) DEBUG OBJECTEXTEND PRINT(.\Listings\DAC0832.
                    -lst) TABS(2) OBJECT(.\output\DAC0832.obj)

line level    source

   1          #include "DAC0832.h"
   2          /// @brief 初始化DAC0832芯片
   3          void Init0832()
   4          {
   5   1        XFER_0832 = 0;
   6   1        CS_0832 = 0;
   7   1        ioA = volt;//给出电压
   8   1        PBYTE[0xFF] = 0;//虚写启动转换，单缓冲
   9   1        CS_0832 = 1;
  10   1      }
  11          /// @brief 对DAC0832芯片进行状态更新
  12          void reflash0832()
  13          {
  14   1        CS_0832 = 0;
  15   1        PBYTE[0xFF] = 0;//虚写启动转换，单缓冲
  16   1        CS_0832 = 1;
  17   1      }


MODULE INFORMATION:   STATIC OVERLAYABLE
   CODE SIZE        =     25    ----
   CONSTANT SIZE    =   ----    ----
   XDATA SIZE       =   ----    ----
   PDATA SIZE       =   ----    ----
   DATA SIZE        =   ----    ----
   IDATA SIZE       =   ----    ----
   BIT SIZE         =   ----    ----
END OF MODULE INFORMATION.


C51 COMPILATION COMPLETE.  0 WARNING(S),  0 ERROR(S)
