C51 COMPILER V9.60.0.0   DELAY                                                             12/14/2022 12:13:10 PAGE 1   


C51 COMPILER V9.60.0.0, COMPILATION OF MODULE DELAY
OBJECT MODULE PLACED IN .\Objects\delay.obj
COMPILER INVOKED BY: D:\Keil_v5\C51\BIN\C51.EXE delay.c OPTIMIZE(8,SPEED) PRINT(.\Listings\delay.lst) TABS(2) OBJECT(.\O
                    -bjects\delay.obj)

line level    source

   1          #include "AT89X52.H"
   2          
   3          #define uchar unsigned char
   4          
   5          extern uchar autoNum;
   6          
   7          /// @brief  延时:i>=12 ,i的最小延时单12 us
   8          /// @param i 延时的时间长度，单位纳秒
   9          void delay_nus(unsigned int i)
  10          {
  11   1        i = i / 10;
  12   1        while (--i)
  13   1          ;
  14   1      }
  15          /// @brief 延时n ms
  16          /// @param n 延时时间长度，单位毫秒
  17          void delay_nms(unsigned int n)
  18          {
  19   1        n = n + 1;
  20   1        while (--n)
  21   1          delay_nus(900); // 延时 1ms,同时进行补偿
  22   1      }
  23          
  24          void timer1() interrupt 3
  25          {
  26   1        autoNum++;
  27   1        TH1 = 0x24;
  28   1        TL1 = 0xFA; 
  29   1      }
  30          
  31          void Init50ms()
  32          {
  33   1        EA = 0;
  34   1        ET1 = 0;
  35   1        TR1 = 0;
  36   1        TMOD = 0x10;
  37   1        TH1 = 0x24;
  38   1        TL1 = 0xFA;
  39   1        EA = 1;
  40   1        ET1 = 1;
  41   1        TR1 = 1;
  42   1      }
  43          
  44          void Stop50ms()
  45          {
  46   1        EA = 0;
  47   1        ET1 = 0;
  48   1        TR1 = 0;
  49   1      }


MODULE INFORMATION:   STATIC OVERLAYABLE
   CODE SIZE        =     83    ----
   CONSTANT SIZE    =   ----    ----
C51 COMPILER V9.60.0.0   DELAY                                                             12/14/2022 12:13:10 PAGE 2   

   XDATA SIZE       =   ----    ----
   PDATA SIZE       =   ----    ----
   DATA SIZE        =   ----    ----
   IDATA SIZE       =   ----    ----
   BIT SIZE         =   ----    ----
END OF MODULE INFORMATION.


C51 COMPILATION COMPLETE.  0 WARNING(S),  0 ERROR(S)
