C51 COMPILER V9.60.0.0   INIT                                                              12/12/2022 18:29:11 PAGE 1   


C51 COMPILER V9.60.0.0, COMPILATION OF MODULE INIT
OBJECT MODULE PLACED IN .\Objects\Init.obj
COMPILER INVOKED BY: D:\Keil_v5\C51\BIN\C51.EXE Init.c OPTIMIZE(8,SPEED) PRINT(.\Listings\Init.lst) TABS(2) OBJECT(.\Obj
                    -ects\Init.obj)

line level    source

   1          #include <AT89X52.h>
   2          #include <absacc.h>
   3          #include "IO8155.h"
   4          #include "ADC0808.h"
   5          #include "DAC0832.h"
   6          #define uchar unsigned char
   7          #define ioSet PBYTE[0x00]//8155的命令字寄存器
   8          #define ioA PBYTE[0x01]//8155的A端口
   9          #define ioC PBYTE[0x03]//8155的C端口
  10          uchar port = 0x01;//待转换端口
  11          uchar volt = 0x08;//得到的模拟量
  12          
  13          /// @brief 依次进行三个元件的初始化，为后续功能预留
  14          void Init()
  15          {
  16   1        Init8155();
  17   1        Init0808();
  18   1        Init0832();
  19   1      }


MODULE INFORMATION:   STATIC OVERLAYABLE
   CODE SIZE        =      9    ----
   CONSTANT SIZE    =   ----    ----
   XDATA SIZE       =   ----    ----
   PDATA SIZE       =   ----    ----
   DATA SIZE        =      2    ----
   IDATA SIZE       =   ----    ----
   BIT SIZE         =   ----    ----
END OF MODULE INFORMATION.


C51 COMPILATION COMPLETE.  0 WARNING(S),  0 ERROR(S)
