C51 COMPILER V9.60.0.0   REFLASH                                                           12/15/2022 15:32:55 PAGE 1   


C51 COMPILER V9.60.0.0, COMPILATION OF MODULE REFLASH
OBJECT MODULE PLACED IN .\output\reflash.obj
COMPILER INVOKED BY: D:\Keil_v5\C51\BIN\C51.EXE src\reflash\reflash.c OPTIMIZE(8,SPEED) BROWSE INCDIR(.\src\ADC0808;.\sr
                    -c\DAC0832;.\src\delay;.\src\Init;.\src\IO8155;.\src\reflash;.\src\voltCalc) DEBUG OBJECTEXTEND PRINT(.\Listings\reflash.
                    -lst) TABS(2) OBJECT(.\output\reflash.obj)

line level    source

   1          #include "reflash.h"
   2          
   3          static uchar autoNum;    // 用于自动模式下统计读取数据次数
   4          static uchar tmport;     // 用于判断端口切换
   5          static bit lastFlag; // 记录上一次的autoflag状态
   6          
   7          void timer1() interrupt 3
   8          {
   9   1        autoNum++;
  10   1        TH1 = 0x24;
  11   1        TL1 = 0xFA; 
  12   1      }
  13          
  14          void reflash()
  15          {
  16   1        uchar i;
  17   1        // 若为自动模式，则在50*20=1000ms后切换
  18   1        if (flagAuto == 1)
  19   1        {
  20   2          if (lastFlag != flagAuto)
  21   2          {
  22   3            Init50ms();
  23   3          }
  24   2          if (autoNum > (2 * 20))
  25   2          {
  26   3            autoNum = 0;
  27   3            port++;
  28   3            if (port > 7)
  29   3            {
  30   4              port = 0;
  31   4            }
  32   3          }
  33   2        }
  34   1        else
  35   1        {
  36   2          Stop50ms();
  37   2          autoNum = 0;
  38   2          port = P1;
  39   2          port = port & 0x0F;
  40   2        }
  41   1        lastFlag = flagAuto;
  42   1        // debug:读取滤波方式
  43   1        filt = P1;
  44   1        filt = filt & 0xF0;
  45   1        filt = filt >> 4;
  46   1        if (filt > 10)
  47   1        {
  48   2          filt = 10;
  49   2        }
  50   1        pushFilt();
  51   1        // 数据刷新
  52   1        pushPort();
  53   1        if (tmport != port) // 判断端口切换，切换后初始数据直接读取，避免限幅滤波失效
C51 COMPILER V9.60.0.0   REFLASH                                                           12/15/2022 15:32:55 PAGE 2   

  54   1        {
  55   2          delay_nms(100);
  56   2          volt = getVolt();
  57   2          for (i = 0; i < 5; i++)
  58   2          {
  59   3            slidV[i] = volt;
  60   3          }
  61   2          tmport = port;
  62   2        }
  63   1        else
  64   1        {
  65   2          volt = filtFuns[filt](); // 滤波功能函数指针数组，功能号见下
  66   2        }
  67   1        pushVolt();
  68   1        reflash0832();
  69   1      }
  70          /*
  71          | 序号 | 功能         | 函数名               |
  72          | ---- | ------------ | -------------------- |
  73          | 0    | 平均值滤波   | uchar avgFilt()      |
  74          | 1    | 滑动平均滤波 | uchar slideavgFilt() |
  75          | 2    | 限速滤波     | uchar speedFilt()    |
  76          | 3    | 限幅滤波     | uchar amplimtFilt()  |
  77          | 4    | 中位数滤波   | uchar midFilt()      |
  78          | 5    | 中位平均滤波 | uchar midavgFilt()   |
  79          | 6    | 限幅平均滤波 | uchar limtvgFilt()   |
  80          | 7    | 一阶滞后滤波 | uchar onlastFilt()   |
  81          | 8    | 加权递推     | uchar weislidFlit()  |
  82          | 9    | 消抖滤波     | uchar debFilt()      |
  83          | 10   | 限幅消抖滤波 | uchar debavgFilt()   |
  84          */


MODULE INFORMATION:   STATIC OVERLAYABLE
   CODE SIZE        =    172    ----
   CONSTANT SIZE    =   ----    ----
   XDATA SIZE       =   ----    ----
   PDATA SIZE       =   ----    ----
   DATA SIZE        =      2    ----
   IDATA SIZE       =   ----    ----
   BIT SIZE         =      1    ----
END OF MODULE INFORMATION.


C51 COMPILATION COMPLETE.  0 WARNING(S),  0 ERROR(S)
