C51 COMPILER V9.60.0.0   REFLASH                                                           12/12/2022 12:18:21 PAGE 1   


C51 COMPILER V9.60.0.0, COMPILATION OF MODULE REFLASH
OBJECT MODULE PLACED IN .\Objects\reflash.obj
COMPILER INVOKED BY: D:\Keil_v5\C51\BIN\C51.EXE reflash.c OPTIMIZE(8,SPEED) PRINT(.\Listings\reflash.lst) TABS(2) OBJECT
                    -(.\Objects\reflash.obj)

line level    source

   1          #include <AT89X52.h>
   2          #include <absacc.h>
   3          #include "Init.h"
   4          #include "IO8155.h"
   5          #include "ADC0808.h"
   6          #include "DAC0832.h"
   7          #include "voltCalc.h"
   8          #include "delay.h"
   9          int num;
  10          static uchar tmport;
  11          void reflash()
  12          {
  13   1        //若为自动模式，则读取50次数据进行一次通道切换
  14   1        if (flagAuto == 1)
  15   1        {
  16   2          num++;
  17   2          if (num > 50)
  18   2          {
  19   3            num = 0;
  20   3            port++;
  21   3            if (port > 7)
  22   3            {
  23   4              port = 0;
  24   4            }
  25   3          }
  26   2        }
  27   1        else
  28   1        {
  29   2          num = 0;
  30   2          port = P1;
  31   2          port = port & 0x0F;
  32   2        }
  33   1        //数据刷新
  34   1        pushPort();
  35   1        if (tmport =! port)
  36   1        {
  37   2          delay_nms(100);
  38   2          volt = getVolt();
  39   2          tmport = port;
  40   2        }
  41   1        else
  42   1        {
  43   2          volt = filtFuns[port+4]();
  44   2        }
  45   1        pushVolt();
  46   1        reflash0832();
  47   1      }


MODULE INFORMATION:   STATIC OVERLAYABLE
   CODE SIZE        =    117    ----
   CONSTANT SIZE    =   ----    ----
   XDATA SIZE       =   ----    ----
   PDATA SIZE       =   ----    ----
C51 COMPILER V9.60.0.0   REFLASH                                                           12/12/2022 12:18:21 PAGE 2   

   DATA SIZE        =      3    ----
   IDATA SIZE       =   ----    ----
   BIT SIZE         =   ----    ----
END OF MODULE INFORMATION.


C51 COMPILATION COMPLETE.  0 WARNING(S),  0 ERROR(S)
